
  [30;42;1m PASS [39;49;22m[39m Tests\Unit\ExampleTest[39m
  [32;1m✓[39;22m[90m [39m[90mthat true is true[39m

  [30;42;1m PASS [39;49;22m[39m Tests\Unit\StreakCalculatorTest[39m
  [32;1m✓[39;22m[90m [39m[90mit counts consecutive days from today[39m[90m                               [39m [90m4.52s[39m  

  [90mTests:[39m    [32;1m2 passed[39;22m[90m (2 assertions)[39m
  [90mDuration:[39m [39m11.85s[39m

